// Jest Snapshot v1, https://goo.gl/fbAQLP

exports[`renders correctly 1`] = `
<View
  style={
    Object {
      "backgroundColor": "#fff",
      "flex": 1,
    }
  }
>
  <RCTScrollView
    collapsable={false}
    contentContainerStyle={
      Object {
        "paddingTop": 30,
      }
    }
    onGestureHandlerEvent={[Function]}
    onGestureHandlerStateChange={[Function]}
    style={
      Object {
        "backgroundColor": "#fff",
        "flex": 1,
      }
    }
  >
    <View>
      <View
        style={
          Object {
            "alignItems": "center",
            "marginHorizontal": 50,
          }
        }
      >
        <Text
          style={
            Object {
              "color": "rgba(96,100,109, 1)",
              "fontSize": 17,
              "lineHeight": 24,
              "textAlign": "center",
            }
          }
        >
          Welcome! This is Bill Splitter. A quick way to split the bill among friends.
        </Text>
      </View>
      <RCTScrollView
        ItemSeparatorComponent={[Function]}
        data={Array []}
        disableVirtualization={false}
        extraData={Array []}
        getItem={[Function]}
        getItemCount={[Function]}
        horizontal={false}
        initialNumToRender={10}
        keyExtractor={[Function]}
        maxToRenderPerBatch={10}
        numColumns={1}
        onContentSizeChange={[Function]}
        onEndReachedThreshold={2}
        onLayout={[Function]}
        onMomentumScrollEnd={[Function]}
        onScroll={[Function]}
        onScrollBeginDrag={[Function]}
        onScrollEndDrag={[Function]}
        removeClippedSubviews={false}
        renderItem={[Function]}
        scrollEventThrottle={50}
        stickyHeaderIndices={Array []}
        updateCellsBatchingPeriod={50}
        viewabilityConfigCallbackPairs={Array []}
        width="100%"
        windowSize={21}
      >
        <View />
      </RCTScrollView>
      <View
        style={
          Object {
            "alignItems": "center",
            "paddingTop": 5,
          }
        }
      >
        <View>
          <View
            accessible={true}
            focusable={true}
            isTVSelectable={true}
            onClick={[Function]}
            onResponderGrant={[Function]}
            onResponderMove={[Function]}
            onResponderRelease={[Function]}
            onResponderTerminate={[Function]}
            onResponderTerminationRequest={[Function]}
            onStartShouldSetResponder={[Function]}
            style={
              Object {
                "alignItems": "center",
                "backgroundColor": "white",
                "borderRadius": 28,
                "height": 52,
                "justifyContent": "center",
                "margin": 7,
                "shadowColor": "rgba(0,0,0, .4)",
                "shadowOffset": Object {
                  "height": 1,
                  "width": 1,
                },
                "shadowOpacity": 1,
                "shadowRadius": 1,
                "width": 52,
              }
            }
          >
            <Text />
          </View>
        </View>
      </View>
    </View>
  </RCTScrollView>
</View>
`;
