// Jest Snapshot v1, https://goo.gl/fbAQLP

exports[`renders correctly 1`] = `
<View
  style={
    Object {
      "backgroundColor": "#fff",
      "flex": 1,
    }
  }
>
  <RCTScrollView
    collapsable={false}
    contentContainerStyle={
      Object {
        "paddingTop": 30,
      }
    }
    onGestureHandlerEvent={[Function]}
    onGestureHandlerStateChange={[Function]}
    style={
      Object {
        "backgroundColor": "#fff",
        "flex": 1,
      }
    }
  >
    <View>
      <View
        style={
          Object {
            "alignItems": "center",
            "marginHorizontal": 50,
          }
        }
      >
        <Text
          style={
            Object {
              "color": "rgba(96,100,109, 1)",
              "fontSize": 17,
              "lineHeight": 24,
              "textAlign": "center",
            }
          }
        >
          Welcome! This is Bill Splitter. A quick way to split the bill among friends.
        </Text>
      </View>
    </View>
  </RCTScrollView>
</View>
`;
